1000 [596 105  27  12   2   8   1]
2000 [664 107  30   8]
3000 [726  93  18   4   2   0   0   1]
4000 [738  85  20   5   1   0   1]
5000 [741  94  15   5   0   1]
6000 [747 100  11   5]
7000 [774  94  10   2]
8000 [792  84  12   1]
9000 [801  78  10   2   1]
10000 [798  80  10   3]
11000 [816  75  10   1]
12000 [821  68  13   1]
13000 [823  70  11   1]
14000 [831  70   7   2]
15000 [827  67   9   3]
16000 [820  65  14   2]
17000 [816  65  14   3]
18000 [829  59  15   2]
19000 [831  67   9   2]
20000 [831  68   7   3]
21000 [831  67   9   2]
22000 [845  65   7   1]
23000 [856  63   6]
24000 [864  56   8]
25000 [879  50   7]
26000 [866  53   8   1]
27000 [852  60   8   1]
28000 [846  59  12]
29000 [843  62  11]
30000 [847  58  11   1]
31000 [828  65  14]
32000 [833  67  11]
33000 [851  65   5   1]
34000 [834  71   8]
35000 [855  62   7]
36000 [834  68  10]
37000 [865  54   9]
38000 [854  61   8]
39000 [835  66  11]
40000 [844  65   6   2]
41000 [846  65   4   3]
42000 [845  65   7   1]
43000 [835  67   9   1]
44000 [849  66   5   1]
45000 [851  63   5   2]
46000 [844  62   8   2]
47000 [836  65   7   2   1]
48000 [832  62  13   0   1]
49000 [844  59  10   2]
50000 [841  62   9   2]
51000 [842  63   8   2]
52000 [854  62   6   1]
53000 [849  66   5   1]
54000 [845  63   7   2]
55000 [854  62   6   1]
56000 [857  57   7   2]
57000 [852  58   8   2]
58000 [847  61   9   1]
59000 [846  58  10   2]
60000 [845  58  13]
