1000 3414.5694925970456 0.0
2000 1181.3311348785223 0.0
3000 354.1676639351719 0.0
4000 -91.9292402196154 0.0
5000 -293.23239022737636 0.0
6000 -397.21648543265337 0.0
7000 -540.2552778919957 0.0
8000 -595.1166659283538 0.0
9000 -670.238131424731 0.0
10000 -725.5185105052581 0.0
11000 -768.2108301903784 0.0
12000 -800.7286212076123 0.0
13000 -827.5476128389226 0.0
14000 -860.8540078802048 0.0
15000 -888.0975688117654 0.0
16000 -905.4047588467241 0.0
17000 -919.1943181819194 0.0
18000 -928.6085652194874 0.0
19000 -932.6110007228526 0.0
20000 -966.425952175625 0.0
21000 -969.2556443603789 0.0
22000 -973.9313146357686 0.0
23000 -972.1815460853852 0.0
24000 -1014.4792120559202 0.0
25000 -1034.545251058725 0.0
26000 -1042.8868875496166 0.0
27000 -1054.2224741380335 0.0
28000 -1063.359091847146 0.0
29000 -1060.62238329664 0.0
30000 -1062.159291659174 0.0
31000 -1066.5915955985706 0.0
32000 -1081.2746394722628 0.0
33000 -1070.1603086830623 0.0
34000 -1089.1383435195555 0.0
35000 -1106.1095584411137 0.0
36000 -1092.4959786049774 0.0
37000 -1087.4468200228148 0.0
38000 -1072.990695320732 0.0
39000 -1082.6128809970678 0.0
40000 -1107.7125067229006 0.0
41000 -1106.1056917396693 0.0
42000 -1097.6285844088964 0.0
43000 -1096.1368266007667 0.0
44000 -1100.2850173713437 0.0
45000 -1124.6685959387603 0.0
46000 -1130.2228652411593 0.0
47000 -1136.1242679330733 0.0
48000 -1156.333266618974 0.0
49000 -1141.7756775500507 0.0
50000 -1146.6464792451952 0.0
51000 -1141.412348672609 0.0
52000 -1142.484016975351 0.0
53000 -1151.2152774178082 0.0
54000 -1127.6780646250184 0.0
55000 -1126.039891206703 0.0
56000 -1146.6255599377355 0.0
57000 -1142.3781698613277 0.0
58000 -1139.366244992075 0.0
59000 -1150.5349763919814 0.0
60000 -1153.8698630593326 0.0
