1000 2 [0, 897]
2000 1 [0]
3000 1 [0]
4000 2 [0, 838]
5000 2 [0, 838]
6000 2 [0, 838]
7000 3 [0, 207, 838]
8000 1 [0]
9000 2 [0, 472]
10000 1 [0]
11000 1 [0]
12000 1 [0]
13000 2 [0, 101]
14000 2 [0, 101]
15000 1 [0]
16000 1 [0]
17000 2 [0, 903]
18000 2 [0, 903]
19000 2 [0, 903]
20000 2 [0, 903]
21000 1 [0]
22000 1 [0]
23000 1 [0]
24000 2 [0, 636]
25000 2 [0, 636]
26000 2 [0, 636]
27000 2 [0, 636]
28000 2 [0, 636]
29000 1 [0]
30000 1 [0]
31000 1 [0]
32000 1 [0]
33000 1 [0]
34000 1 [0]
35000 1 [0]
36000 1 [0]
37000 1 [0]
38000 2 [0, 562]
39000 2 [0, 562]
40000 1 [0]
41000 1 [0]
42000 1 [0]
43000 1 [0]
44000 1 [0]
45000 1 [0]
46000 1 [0]
47000 1 [0]
48000 2 [0, 585]
49000 2 [0, 585]
50000 2 [0, 985]
51000 2 [0, 985]
52000 2 [0, 138]
53000 2 [0, 138]
54000 2 [0, 138]
55000 1 [0]
56000 1 [0]
57000 2 [0, 164]
58000 1 [0]
59000 1 [0]
60000 1 [0]
